[2026-09-17 07:57:17] EXEC: mkdir -p workspace/__TERMINAL_TEST__/nested
[2026-09-17 07:57:17] EXIT: 0
[2026-09-17 07:57:17] EXEC: printf 'SCHAGLK TERMINAL OK\n' > workspace/__TERMINAL_TEST__/test.txt
[2026-09-17 07:57:17] EXIT: 0
[2026-09-17 07:57:18] EXEC: python -c 'print(12345)'
[2026-09-17 07:57:18] EXIT: 0
[2026-09-17 07:57:18] EXEC: pwd
[2026-09-17 07:57:18] EXIT: 0
[2026-09-17 07:57:18] EXEC: ls workspace/__TERMINAL_TEST__
[2026-09-17 07:57:18] EXIT: 0
[2026-09-17 08:02:24] EXEC: mkdir -p __TERMINAL_TEST__/nested
[2026-09-17 08:02:24] EXIT: 0
[2026-09-17 08:02:24] EXEC: printf 'SCHAGLK TERMINAL OK\n' > __TERMINAL_TEST__/test.txt
[2026-09-17 08:02:24] EXIT: 0
[2026-09-17 08:02:24] EXEC: python -c 'print(12345)'
[2026-09-17 08:02:24] EXIT: 0
[2026-09-17 08:02:24] EXEC: node -e 'console.log(12345)'
[2026-09-17 08:02:25] EXIT: 0
[2026-09-17 08:02:25] EXEC: pwd
[2026-09-17 08:02:25] EXIT: 0
[2026-09-17 08:02:25] EXEC: ls __TERMINAL_TEST__
[2026-09-17 08:02:26] EXIT: 0
[2026-09-17 08:02:26] EXEC: cat /etc/passwd
[2026-09-17 08:02:26] EXIT: 0
