[2026-09-17 08:32:34] pwd
[2026-09-17 08:32:34] ls
[2026-09-17 08:32:34] mkdir -p .terminal-test-tmp/testdir
[2026-09-17 08:32:35] echo TEST > .terminal-test-tmp/testdir/test.txt
[2026-09-17 08:32:35] python -c "print(123)"
[2026-09-17 08:32:35] node -e "console.log(123)"
[2026-09-17 08:33:00] pwd
[2026-09-17 08:33:00] ls
[2026-09-17 08:33:00] mkdir -p .terminal-test-tmp/testdir
[2026-09-17 08:33:01] echo TEST > .terminal-test-tmp/testdir/test.txt
[2026-09-17 08:33:01] python -c "print(123)"
[2026-09-17 08:33:01] node -e "console.log(123)"
[2026-09-17 08:33:23] pwd
[2026-09-17 08:33:23] ls
[2026-09-17 08:33:24] mkdir -p .terminal-test-tmp/testdir
[2026-09-17 08:33:24] echo TEST > .terminal-test-tmp/testdir/test.txt
[2026-09-17 08:33:25] python -c "print(123)"
[2026-09-17 08:33:25] node -e "console.log(123)"
[2026-09-17 08:40:06] pwd
[2026-09-17 08:40:06] ls
[2026-09-17 08:40:06] mkdir -p .terminal-test-tmp/testdir
[2026-09-17 08:40:07] echo TEST > .terminal-test-tmp/testdir/test.txt
[2026-09-17 08:40:07] python -c "print(123)"
[2026-09-17 08:40:07] node -e "console.log(123)"
[2026-09-17 08:40:09] pwd
[2026-09-17 08:40:09] ls
[2026-09-17 08:40:09] mkdir -p .terminal-test-tmp/testdir
[2026-09-17 08:40:10] echo TEST > .terminal-test-tmp/testdir/test.txt
[2026-09-17 08:40:10] python -c "print(123)"
[2026-09-17 08:40:11] node -e "console.log(123)"
[2026-09-17 08:40:40] pwd
[2026-09-17 08:40:40] ls
[2026-09-17 08:40:41] mkdir -p .terminal-test-tmp/testdir
[2026-09-17 08:40:41] echo TEST > .terminal-test-tmp/testdir/test.txt
[2026-09-17 08:40:41] python -c "print(123)"
[2026-09-17 08:40:42] node -e "console.log(123)"
[2026-09-17 08:40:43] pwd
[2026-09-17 08:40:43] ls
[2026-09-17 08:40:44] mkdir -p .terminal-test-tmp/testdir
[2026-09-17 08:40:44] echo TEST > .terminal-test-tmp/testdir/test.txt
[2026-09-17 08:40:44] python -c "print(123)"
[2026-09-17 08:40:45] node -e "console.log(123)"
